// Jest Snapshot v1, https://goo.gl/fbAQLP

exports[`Loading Component:  matches the snapshot 1`] = `
<div
  className="loader-container"
>
  <div
    className="loader"
  >
    <div
      className="loader__bar"
    />
    <div
      className="loader__bar"
    />
    <div
      className="loader__bar"
    />
    <div
      className="loader__bar"
    />
    <div
      className="loader__bar"
    />
    <div
      className="loader__ball"
    />
  </div>
  <h1>
    Loading
  </h1>
</div>
`;
